<html>
<body>
<pre>
<h1>µVision Build Log</h1>
<h2>Project:</h2>
D:\desktop files\college\FOURTH SEM\MICROCONTROLLER LAB\lab\LAB1\lab10.uvproj
Project File Date:  08/24/2022

<h2>Output:</h2>
Build target 'Target 1'
compiling lab10.c...
lab10.c(29): warning:  #1-D: last line of file ends without a newline
  }
lab10.c: 1 warning, 0 errors
linking...
Program Size: Code=744 RO-data=32 RW-data=4 ZI-data=1164  
FromELF: creating hex file...
".\lab10.axf" - 0 Error(s), 1 Warning(s).
Finished: 1 information, 0 warning and 1 error messages.
".\lab10.axf" - 1 Error(s), 1 Warning(s).
Target not created
formation, 0 warning and 2 error messages.
".\lab10.axf" - 2 Error(s), 1 Warning(s).
Target not created
